// Jest Snapshot v1, https://goo.gl/fbAQLP

exports[`Hover get Hover component 1`] = `
<div>
  <div class="hover"><button>input</button></div>
</div>

`;
