// Jest Snapshot v1, https://goo.gl/fbAQLP

exports[`Layer get Layer component 1`] = `
<ContextConsumer>
  <Component />
</ContextConsumer>
`;
