// Jest Snapshot v1, https://goo.gl/fbAQLP

exports[`Layer get Layer component 1`] = `
<Positioned>
  <div
    className="layer_120lr3k"
  >
    <span>
      123
    </span>
  </div>
</Positioned>
`;
