// Jest Snapshot v1, https://goo.gl/fbAQLP

exports[`Loader get Loader component 1`] = `
<div
  className="root_3a2vkm"
>
  <svg
    className="svg_1v9ybk"
    viewBox="0 0 64 64"
  >
    <circle
      className="circle_11txi2m"
    />
  </svg>
</div>
`;
