// Jest Snapshot v1, https://goo.gl/fbAQLP

exports[`MinimalTimeline get MinimalTimeline component 1`] = `
<div>
  <div
    class="root_17bkmwy-o_O-root_1u52a97-o_O-root_1pr59fm-o_O-root_qckecg"
    role="slider"
  >
    <div class="inner_9gm5i8-o_O-inner_qb00m9">
      <div
        class="
          track_1bopucd-o_O-track_2wh41e-o_O-track_1q3h7g7-o_O-track_1h7ofbx
        "
      >
        <div
          class="bar_1kpj1ed-o_O-bar_g2nzkb-o_O-bar_1kvrquw"
          style="left: 0px; width: 0%"
        ></div>
      </div>
    </div>
  </div>
</div>

`;

exports[`MinimalTimeline get MinimalTimeline component 2`] = `
<div>
  <div
    class="root_17bkmwy-o_O-root_1u52a97-o_O-root_1pr59fm-o_O-root_qckecg"
    role="slider"
  >
    <div class="inner_9gm5i8-o_O-inner_qb00m9">
      <div
        class="
          track_1bopucd-o_O-track_2wh41e-o_O-track_1q3h7g7-o_O-track_1h7ofbx
        "
      >
        <div
          class="bar_1kpj1ed-o_O-bar_g2nzkb-o_O-bar_1kvrquw"
          style="left: 0px; width: 32.92470120833653%"
        ></div>
      </div>
    </div>
  </div>
</div>

`;
