// Jest Snapshot v1, https://goo.gl/fbAQLP

exports[`Time get Time component 1`] = `
<span>
  15:04
</span>
`;

exports[`Time get Time component 2`] = `
<span>
  00:00
</span>
`;
