// Jest Snapshot v1, https://goo.gl/fbAQLP

exports[`VolumeSlider get VolumeSlider component 1`] = `
<div
  className="root_1cc9rz"
>
  <div
    className="root_17bkmwy-o_O-root_1bq0ydu-o_O-root_av3p6z"
    onKeyDown={[Function]}
    onMouseDown={[Function]}
    role="slider"
    tabIndex={0}
  >
    <div
      className="inner_9gm5i8-o_O-inner_1jtvojh"
    >
      <div
        className="track_1bopucd-o_O-track_31rx9n-o_O-track_ytl6g2"
      >
        <div
          className="bar_1kpj1ed-o_O-bar_1ql2ook"
          style={
            Object {
              "height": "100%",
              "transform": "scaleY(0.5)",
              "transformOrigin": "bottom",
            }
          }
        />
      </div>
      <div
        className="thumbWrapper_ay4wjb-o_O-thumbWrapper_drkmbm"
        style={
          Object {
            "height": "100%",
            "transform": "translateY(50%)",
            "transformOrigin": "bottom",
          }
        }
      >
        <div
          className="thumb_ozdqky-o_O-thumb_8gf5gg"
        />
      </div>
    </div>
  </div>
</div>
`;
