// Jest Snapshot v1, https://goo.gl/fbAQLP

exports[`Tooltip get Tooltip component 1`] = `
<div
  class="root_r31oyg"
/>
`;
