// Jest Snapshot v1, https://goo.gl/fbAQLP

exports[`CombinedTimeItem get CombinedTimeItem component 1`] = `
<div>
  <div class="time_1n8zam0-o_O-fullScreenedTime_1xxtrer">00:06 / 03:02</div>
</div>

`;
