// Jest Snapshot v1, https://goo.gl/fbAQLP

exports[`PlayButtonItem get PlayButtonItem component 1`] = `
<div>
  <div class="menuContainer_e296pg">
    <button class="button_1j0k413" type="button">
      <span class="root_s9vkyf"
        ><svg viewBox="0 0 24 24" class="svg_11u3rwe">
          <path
            d="M9,5 C10,5 10,6 10,6 C10,6 10,17 10,18 C10,19 9,19 9,19 L7,19 C6,19 6,18 6,18 L6,6 C6,5 7,5 7,5 C7,5 8,5 9,5 Z M17,5 C18,5 18,6 18,6 C18,6 18,17 18,18 C18,19 17,19 17,19 L15,19 C14,19 14,18 14,18 L14,6 C14,5 15,5 15,5 C15,5 16,5 17,5 Z"
          ></path></svg
      ></span>
    </button>
    <div class="menu_1a7s4a3-o_O-tooltipContent_me14v4">Pause</div>
  </div>
</div>

`;
